2025-08-05 22:26:29,755 Generated layer profile with 3 layers:
2025-08-05 22:26:29,755 ['(\'cx\', (<Qubit register=(4, "q"), index=0>, <Qubit register=(4, "q"), index=1>))']
2025-08-05 22:26:29,755 ['(\'cx\', (<Qubit register=(4, "q"), index=2>, <Qubit register=(4, "q"), index=3>))']
2025-08-05 22:26:29,755 ['(\'cx\', (<Qubit register=(4, "q"), index=1>, <Qubit register=(4, "q"), index=2>))']
2025-08-05 22:26:29,756 Created pauli bases
2025-08-05 22:26:29,756 ['XXXX', 'YXYX', 'ZXZX', 'XYXY', 'YYYY', 'ZYZY', 'XZXZ', 'YZYZ', 'ZZZZ']
2025-08-05 22:26:29,756 Created model with the following terms:
2025-08-05 22:26:29,756 {'IYYI', 'IZXI', 'ZIII', 'YXII', 'IIYI', 'IYXI', 'XIII', 'YIII', 'IIZY', 'IZZI', 'IXII', 'IIXX', 'IIZI', 'IIXI', 'IIZX', 'IZYI', 'IZII', 'IXZI', 'XYII', 'IIXZ', 'IIYX', 'IYZI', 'ZZII', 'YZII', 'ZYII', 'IIZZ', 'IIYY', 'IXXI', 'IIIY', 'IYII', 'IIIZ', 'YYII', 'ZXII', 'IIXY', 'XXII', 'IIIX', 'IIYZ', 'IXYI', 'XZII'}
2025-08-05 22:26:29,931 Chose single bases:
2025-08-05 22:26:29,931 ['IIXY', 'IIZZ', 'IIZX', 'IIYZ', 'IIXX', 'IIZY']
2025-08-05 22:28:19,615 Created experiment consisting of 6000 instances
2025-08-05 22:28:19,626 Chose single bases:
2025-08-05 22:28:19,626 ['XXII', 'YXII', 'ZIII', 'YYII', 'XYII', 'YZII']
2025-08-05 22:30:05,793 Created experiment consisting of 6000 instances
2025-08-05 22:30:05,817 Chose single bases:
2025-08-05 22:30:05,817 ['IXXI', 'IYII', 'IZYI', 'IZXI', 'IXYI', 'IZII']
2025-08-05 22:32:00,302 Created experiment consisting of 6000 instances
2025-08-05 22:37:48,739 Fit noise model with following fidelities:
2025-08-05 22:37:48,739 [np.float64(0.9837534255463812), np.float64(0.990953131363689), np.float64(0.9998236393519615), np.float64(0.9984185208076841), np.float64(0.9899760523285094), np.float64(0.990133910548131), np.float64(0.9994310064548452), np.float64(0.9994049732283977), np.float64(0.9351432439429757), np.float64(0.9858630604827512), np.float64(0.9989888819170567), np.float64(0.9315881677993103), np.float64(0.9903005608966541), np.float64(0.9911068542886335), np.float64(0.9298397621822742), np.float64(0.9845475088629151), np.float64(0.999775022301571), np.float64(0.984895251350128), np.float64(0.9984098421055588), np.float64(0.9791042052652562), np.float64(0.931775514604916), np.float64(0.9849276670106636), np.float64(0.999613198651298), np.float64(0.9991600956848913), np.float64(0.9988076624854609), np.float64(0.9817500051559457), np.float64(0.9363735956844567), np.float64(0.9900829151495731), np.float64(0.9405543613572356), np.float64(0.9989885271233848), np.float64(0.9876691274927527), np.float64(0.9984032915193217), np.float64(0.9987594465698683), np.float64(0.9319035479171626), np.float64(0.9984672874879094), np.float64(0.9407432056346734), np.float64(0.9797554169265739), np.float64(0.9839684295239408), np.float64(0.9992008966122526)]
2025-08-05 22:37:48,841 Fit noise model with following fidelities:
2025-08-05 22:37:48,841 [np.float64(0.9540198632681891), np.float64(0.9919845930108528), np.float64(0.9936519121823636), np.float64(0.9404094899051527), np.float64(0.9998271398829437), np.float64(0.9542196266414005), np.float64(0.9800438950745314), np.float64(0.9790858032075072), np.float64(0.9986238647718446), np.float64(0.9920074876907294), np.float64(0.9626519383534199), np.float64(0.998552014247778), np.float64(0.9998426633393053), np.float64(0.9998230694591), np.float64(0.9985509162923238), np.float64(0.9917550231582901), np.float64(0.992082409907083), np.float64(0.9544154829331297), np.float64(0.9471764828284921), np.float64(0.9995868444627899), np.float64(0.9985931170242357), np.float64(0.9544124071174198), np.float64(0.9866808191467275), np.float64(0.9738222252684579), np.float64(0.9641186547110289), np.float64(0.9996480309502576), np.float64(0.9985834715012151), np.float64(0.9552139151750993), np.float64(0.9987733650401114), np.float64(0.961843306927804), np.float64(0.9997613833154226), np.float64(0.9494801449997631), np.float64(0.954142690325075), np.float64(0.9985758584260875), np.float64(0.9467484005573077), np.float64(0.9987407859072911), np.float64(0.9995884937009916), np.float64(0.9538499840630074), np.float64(0.9724231276293166)]
2025-08-05 22:37:48,922 Fit noise model with following fidelities:
2025-08-05 22:37:48,922 [np.float64(0.9784022934128348), np.float64(0.9933659931611343), np.float64(0.9998477189083245), np.float64(0.9818936222023179), np.float64(0.9919218685460184), np.float64(0.978370549615769), np.float64(0.999464460025751), np.float64(0.9994370051525375), np.float64(0.9959323445717301), np.float64(0.9929351152568489), np.float64(0.9822410597694775), np.float64(0.9865219841162647), np.float64(0.9971901076554057), np.float64(0.9965905266579798), np.float64(0.9959696623402802), np.float64(0.9935140084621765), np.float64(0.9966891283099406), np.float64(0.9793791851961712), np.float64(0.9800987043172192), np.float64(0.9876545339748586), np.float64(0.9865200360391668), np.float64(0.9808531695519277), np.float64(0.9945451904078566), np.float64(0.9941672503600271), np.float64(0.9808237432916324), np.float64(0.9968993966167213), np.float64(0.9864003559987277), np.float64(0.9791428717424127), np.float64(0.9987300221870415), np.float64(0.9809060769438666), np.float64(0.9997519146767978), np.float64(0.9800886399578136), np.float64(0.981957667978649), np.float64(0.9865851789018449), np.float64(0.9817630225870383), np.float64(0.9987317037468247), np.float64(0.9876334458728826), np.float64(0.9836321881452619), np.float64(0.994211734170228)]
