2025-08-07 13:21:35,405 Generated layer profile with 3 layers:
2025-08-07 13:21:35,405 ['(\'cx\', (<Qubit register=(4, "q"), index=2>, <Qubit register=(4, "q"), index=3>))']
2025-08-07 13:21:35,405 ['(\'cx\', (<Qubit register=(4, "q"), index=1>, <Qubit register=(4, "q"), index=2>))']
2025-08-07 13:21:35,405 ['(\'cx\', (<Qubit register=(4, "q"), index=0>, <Qubit register=(4, "q"), index=1>))']
2025-08-07 13:21:35,405 Created pauli bases
2025-08-07 13:21:35,405 ['XXXX', 'YXYX', 'ZXZX', 'XYXY', 'YYYY', 'ZYZY', 'XZXZ', 'YZYZ', 'ZZZZ']
2025-08-07 13:21:35,405 Created model with the following terms:
2025-08-07 13:21:35,405 {'IIYY', 'IYXI', 'XIII', 'IIZX', 'IZZI', 'YXII', 'IYZI', 'IIZZ', 'ZXII', 'XZII', 'IYYI', 'IIZY', 'ZIII', 'YIII', 'IZII', 'IIYZ', 'IXII', 'XXII', 'IZXI', 'IIIZ', 'IIXX', 'IXZI', 'XYII', 'YZII', 'IIIX', 'IZYI', 'IIXI', 'IIYX', 'IIXZ', 'IXYI', 'IXXI', 'IIIY', 'ZZII', 'YYII', 'IYII', 'ZYII', 'IIXY', 'IIYI', 'IIZI'}
2025-08-07 13:21:35,455 Chose single bases:
2025-08-07 13:21:35,455 ['ZXII', 'XXII', 'IYII', 'YXII', 'ZIII', 'YZII']
2025-08-07 13:22:58,505 Created experiment consisting of 6000 instances
2025-08-07 13:22:58,522 Chose single bases:
2025-08-07 13:22:58,522 ['IYYI', 'IYII', 'IZYI', 'IZII', 'IXYI', 'IXXI']
2025-08-07 13:24:19,238 Created experiment consisting of 6000 instances
2025-08-07 13:24:19,256 Chose single bases:
2025-08-07 13:24:19,256 ['IIIY', 'IIIX', 'IIZI', 'IIYI', 'IIZX', 'IIZY']
2025-08-07 13:25:41,004 Created experiment consisting of 6000 instances
2025-08-07 13:31:48,485 Fit noise model with following fidelities:
2025-08-07 13:31:48,485 [np.float64(0.9978374776051143), np.float64(0.9541650656247479), np.float64(0.9798283898959574), np.float64(0.9978527793579982), np.float64(0.9919117031230317), np.float64(0.9470265492991846), np.float64(0.9541326939427729), np.float64(0.9993598090964583), np.float64(0.9533316078197716), np.float64(0.9719824083011275), np.float64(0.954355944977519), np.float64(0.9978762730714524), np.float64(0.9925786895382099), np.float64(0.9773932431313844), np.float64(0.9922174329248398), np.float64(0.9993114595589077), np.float64(0.9624345446901978), np.float64(0.9460319895653078), np.float64(0.9920001770619716), np.float64(0.9996058720207287), np.float64(0.9977962657497623), np.float64(0.9537047162419463), np.float64(0.9450178880457609), np.float64(0.974815199112248), np.float64(0.9980976876549544), np.float64(0.9920277333136281), np.float64(0.9997230992352414), np.float64(0.9979044400807086), np.float64(0.9993486034653181), np.float64(0.954195372639542), np.float64(0.9537269382847232), np.float64(0.9981034169168441), np.float64(0.9868850109926329), np.float64(0.9493593232051096), np.float64(0.9632121543695303), np.float64(0.9553784382834755), np.float64(0.997831453463915), np.float64(0.9997388750997315), np.float64(0.9997684700574319)]
2025-08-07 13:31:48,570 Fit noise model with following fidelities:
2025-08-07 13:31:48,570 [np.float64(0.9858139000181095), np.float64(0.9819973796911384), np.float64(0.9991794193945163), np.float64(0.9952622972956059), np.float64(0.9935639729165843), np.float64(0.9807594278957324), np.float64(0.9781097474021307), np.float64(0.9967041670196041), np.float64(0.9814383919872994), np.float64(0.9937000273558544), np.float64(0.9820112547409524), np.float64(0.9952154428415239), np.float64(0.9997190966211609), np.float64(0.9991287422405639), np.float64(0.9957640033494213), np.float64(0.9870953191862503), np.float64(0.9815663241164908), np.float64(0.980772171745835), np.float64(0.9890517498427118), np.float64(0.9996018175998858), np.float64(0.9855305100324585), np.float64(0.9789322358324695), np.float64(0.9794536762640844), np.float64(0.9936658194369514), np.float64(0.9981033665084574), np.float64(0.9893163756967727), np.float64(0.9939850953419214), np.float64(0.9855978863667699), np.float64(0.9871253146119487), np.float64(0.9801806222368865), np.float64(0.9811519869689258), np.float64(0.9980909349873371), np.float64(0.9944324672371037), np.float64(0.979396150078218), np.float64(0.9822284075575913), np.float64(0.9797239083718452), np.float64(0.9857277803061864), np.float64(0.9949752918391171), np.float64(0.9971207310424902)]
2025-08-07 13:31:48,668 Fit noise model with following fidelities:
2025-08-07 13:31:48,668 [np.float64(0.9330128651780528), np.float64(0.9894105977659707), np.float64(0.9991381592570984), np.float64(0.9305179474389823), np.float64(0.9855175555906829), np.float64(0.9976738138273488), np.float64(0.9843573379858911), np.float64(0.9797638453718772), np.float64(0.9982534166614282), np.float64(0.9988256757185947), np.float64(0.9832958848931656), np.float64(0.9327218120824267), np.float64(0.9997388522096418), np.float64(0.9991614930920723), np.float64(0.9996505156793907), np.float64(0.9800414718334698), np.float64(0.9985219774620135), np.float64(0.9976574669959687), np.float64(0.9905919064129035), np.float64(0.9872798989433152), np.float64(0.9307343013056657), np.float64(0.9844573706138939), np.float64(0.9975721699343156), np.float64(0.9987844037410704), np.float64(0.9388115152279173), np.float64(0.9841462140788715), np.float64(0.9909256486335198), np.float64(0.9320729273821458), np.float64(0.9786162201566981), np.float64(0.9831566578181563), np.float64(0.989386836533963), np.float64(0.9384821721251859), np.float64(0.9993966176801792), np.float64(0.9976872309872084), np.float64(0.9985043295390742), np.float64(0.9982603808191399), np.float64(0.9326583805143842), np.float64(0.9893200141102685), np.float64(0.9923614774540871)]
