2025-09-03 08:58:48,205 Generated layer profile with 3 layers:
2025-09-03 08:58:48,205 ['(\'cx\', (<Qubit register=(4, "q"), index=0>, <Qubit register=(4, "q"), index=1>))']
2025-09-03 08:58:48,205 ['(\'cx\', (<Qubit register=(4, "q"), index=1>, <Qubit register=(4, "q"), index=2>))']
2025-09-03 08:58:48,205 ['(\'cx\', (<Qubit register=(4, "q"), index=2>, <Qubit register=(4, "q"), index=3>))']
2025-09-03 08:58:48,206 Created pauli bases
2025-09-03 08:58:48,206 ['XXXX', 'YXYX', 'ZXZX', 'XYXY', 'YYYY', 'ZYZY', 'XZXZ', 'YZYZ', 'ZZZZ']
2025-09-03 08:58:48,206 Created model with the following terms:
2025-09-03 08:58:48,206 {'IXZI', 'XYII', 'IIXY', 'IXXI', 'IIIX', 'IXII', 'IXYI', 'IIYZ', 'IIZZ', 'ZYII', 'IZZI', 'IIZX', 'IIYX', 'IZII', 'IZXI', 'ZXII', 'IIYI', 'XXII', 'IIIZ', 'IIYY', 'YIII', 'IYII', 'IYXI', 'YZII', 'IIXX', 'YXII', 'ZZII', 'XIII', 'ZIII', 'YYII', 'IIZY', 'IYZI', 'IIIY', 'IIZI', 'XZII', 'IIXZ', 'IZYI', 'IYYI', 'IIXI'}
2025-09-03 08:58:48,240 Chose single bases:
2025-09-03 08:58:48,240 ['IIYX', 'IIZI', 'IIZX', 'IIIY', 'IIXX', 'IIYZ']
2025-09-03 09:00:14,816 Created experiment consisting of 6000 instances
2025-09-03 09:00:14,835 Chose single bases:
2025-09-03 09:00:14,835 ['IIYI', 'IYXI', 'IZXI', 'IIXI', 'IYZI', 'IZII']
2025-09-03 09:01:56,268 Created experiment consisting of 6000 instances
2025-09-03 09:01:56,292 Chose single bases:
2025-09-03 09:01:56,293 ['IYII', 'YYII', 'YZII', 'ZYII', 'ZIII', 'XXII']
2025-09-03 09:03:30,063 Created experiment consisting of 6000 instances
2025-09-03 09:09:56,537 Fit noise model with following fidelities:
2025-09-03 09:09:56,537 [np.float64(0.9847249094598116), np.float64(0.9977402415455421), np.float64(0.9310915096746469), np.float64(0.9895438885280269), np.float64(0.9406954555752531), np.float64(0.9984727571428899), np.float64(0.9833020817492355), np.float64(0.9808300292233662), np.float64(0.9782687054997712), np.float64(0.9981821941978787), np.float64(0.9857771568314326), np.float64(0.9320099532820106), np.float64(0.9359006786944312), np.float64(0.9996492787821807), np.float64(0.9907399900096543), np.float64(0.9982000885559491), np.float64(0.9888678810737501), np.float64(0.9975812761185918), np.float64(0.9872689922246771), np.float64(0.9303858721870526), np.float64(0.9991888509931875), np.float64(0.9985138404879903), np.float64(0.9894588066748399), np.float64(0.9988486035473031), np.float64(0.9306458483459876), np.float64(0.9976724888642393), np.float64(0.9994036479672818), np.float64(0.9991706399709896), np.float64(0.9997237933050622), np.float64(0.9977273958761164), np.float64(0.9281060844040329), np.float64(0.9846173545864804), np.float64(0.9386968494864402), np.float64(0.993695171328811), np.float64(0.9988338660626919), np.float64(0.9783777437211384), np.float64(0.984486379811192), np.float64(0.9834157898701574), np.float64(0.9910316249679724)]
2025-09-03 09:09:56,631 Fit noise model with following fidelities:
2025-09-03 09:09:56,631 [np.float64(0.9787130274511469), np.float64(0.9792922723152789), np.float64(0.985684736528948), np.float64(0.9815054645883081), np.float64(0.9981264655000472), np.float64(0.9816137350452393), np.float64(0.9830264661191452), np.float64(0.9870443007142391), np.float64(0.9967819962562265), np.float64(0.9802132590122631), np.float64(0.9933139315534807), np.float64(0.9951586263789793), np.float64(0.9855158804403569), np.float64(0.995820418287412), np.float64(0.9906162379004644), np.float64(0.9814743239942483), np.float64(0.9918886210161586), np.float64(0.9806824954355023), np.float64(0.9996125029262265), np.float64(0.9856157647384075), np.float64(0.9991621090681002), np.float64(0.9821890683007045), np.float64(0.9799938831010593), np.float64(0.993641069782562), np.float64(0.9856791357319202), np.float64(0.9808451556427012), np.float64(0.9942847245538394), np.float64(0.9991325289549308), np.float64(0.9997382153161383), np.float64(0.9793601388170244), np.float64(0.9952120220914388), np.float64(0.9782921468332574), np.float64(0.9981298443775435), np.float64(0.9970844433336542), np.float64(0.993649951838577), np.float64(0.987066845726626), np.float64(0.9908161862091702), np.float64(0.9799592456185661), np.float64(0.9935662073674951)]
2025-09-03 09:09:56,722 Fit noise model with following fidelities:
2025-09-03 09:09:56,722 [np.float64(0.9538088519019643), np.float64(0.9468349813782232), np.float64(0.997878645939865), np.float64(0.9537497356067243), np.float64(0.9981234034984448), np.float64(0.9596189229950343), np.float64(0.9535911276685092), np.float64(0.9993472082899479), np.float64(0.9993757702568627), np.float64(0.9536857981585339), np.float64(0.9917123746849678), np.float64(0.9978614877889258), np.float64(0.9978856535945789), np.float64(0.9920609818466072), np.float64(0.9918383114613157), np.float64(0.957868925507474), np.float64(0.9997465522191094), np.float64(0.9484941374272774), np.float64(0.9996114736376065), np.float64(0.9978730862829901), np.float64(0.9824056556800329), np.float64(0.9612734368917678), np.float64(0.9538885882716736), np.float64(0.9697886861622308), np.float64(0.9978898312210426), np.float64(0.9473199859888609), np.float64(0.9860845474335352), np.float64(0.9799999463241881), np.float64(0.9938679386067226), np.float64(0.944889203989067), np.float64(0.9978379532729926), np.float64(0.9540891313727222), np.float64(0.998115690935563), np.float64(0.9997572394408738), np.float64(0.9720637813290827), np.float64(0.9993579847801038), np.float64(0.9918927354487431), np.float64(0.9538174647863269), np.float64(0.9997369403025101)]
