2025-10-21 13:23:33,846 Generated layer profile with 2 layers:
2025-10-21 13:23:33,846 ['(\'cx\', (<Qubit register=(4, "q"), index=0>, <Qubit register=(4, "q"), index=3>))', '(\'cx\', (<Qubit register=(4, "q"), index=1>, <Qubit register=(4, "q"), index=2>))']
2025-10-21 13:23:33,846 ['(\'cx\', (<Qubit register=(4, "q"), index=0>, <Qubit register=(4, "q"), index=1>))', '(\'cx\', (<Qubit register=(4, "q"), index=2>, <Qubit register=(4, "q"), index=3>))']
2025-10-21 13:23:33,847 Created pauli bases
2025-10-21 13:23:33,847 ['XXXX', 'YXYX', 'ZXZX', 'XYXY', 'YYYY', 'ZYZY', 'XZXZ', 'YZYZ', 'ZZZZ']
2025-10-21 13:23:33,847 Created model with the following terms:
2025-10-21 13:23:33,847 {'IYXI', 'ZYII', 'YZII', 'IIZX', 'IXII', 'IIYZ', 'IIXX', 'IIZZ', 'IXYI', 'IIXZ', 'YIII', 'IIXI', 'IIXY', 'IIYI', 'XXII', 'IIIY', 'ZXII', 'ZIII', 'IIIX', 'IYII', 'XZII', 'XYII', 'IXZI', 'ZZII', 'IYZI', 'IZII', 'IIZY', 'IXXI', 'IYYI', 'YYII', 'IIZI', 'IIIZ', 'IZZI', 'IIYY', 'XIII', 'IZYI', 'YXII', 'IIYX', 'IZXI'}
2025-10-21 13:23:33,866 Chose single bases:
2025-10-21 13:23:33,866 ['IZXI', 'IZYI', 'IXXI', 'IXYI', 'IYZI', 'IZZI']
2025-10-21 13:23:40,353 Created experiment consisting of 1950 instances
2025-10-21 13:23:40,368 Chose single bases:
2025-10-21 13:23:40,369 ['IXYY', 'XYYX', 'YZIY', 'YXYZ', 'ZXXX', 'ZZZZ']
2025-10-21 13:23:45,557 Created experiment consisting of 1950 instances
2025-10-21 13:24:18,651 Single-depth measurement produced fidelity greater than one: IXXI,IIXI
2025-10-21 13:24:18,651 Product fidelity: 0.9437909032199375
2025-10-21 13:24:18,651 Single fidelity: 0.8418892805415125
2025-10-21 13:24:18,651 Single-depth measurement produced fidelity greater than one: IXYI,IIYI
2025-10-21 13:24:18,651 Product fidelity: 0.9483633090393654
2025-10-21 13:24:18,651 Single fidelity: 0.8381676121080742
2025-10-21 13:24:18,651 Single-depth measurement produced fidelity greater than one: IYZI,IYII
2025-10-21 13:24:18,651 Product fidelity: 0.9812413389213945
2025-10-21 13:24:18,651 Single fidelity: 0.9507521366073075
2025-10-21 13:24:18,651 Single-depth measurement produced fidelity greater than one: IZZI,IZII
2025-10-21 13:24:18,651 Product fidelity: 0.9875313610625294
2025-10-21 13:24:18,651 Single fidelity: 0.9495289164349149
2025-10-21 13:24:18,651 Fit noise model with following fidelities:
2025-10-21 13:24:18,651 [np.float64(0.9323315283931132), np.float64(0.9656408096033732), np.float64(0.9654771510068271), np.float64(0.9366665465610466), np.float64(0.9837984098933512), np.float64(0.9339984539402147), np.float64(0.893737208720576), np.float64(0.9774826292525576), np.float64(0.8993929659320948), np.float64(0.9371905588682788), np.float64(0.9789397731611231), np.float64(0.9976011635522544), np.float64(0.890750663544538), np.float64(0.9958791007166895), np.float64(0.9719787419332464), np.float64(0.9434632258103387), np.float64(0.9669693918659331), np.float64(0.987185693162113), np.float64(0.9454985992880276), np.float64(1.0006144740368832), np.float64(0.9751225786061138), np.float64(0.9662785960876873), np.float64(0.9692657655459731), np.float64(0.976060734013761), np.float64(0.9628345652082511), np.float64(1.0003537858838407), np.float64(0.932130982543849), np.float64(0.8907412690007055), np.float64(0.9168014615686307), np.float64(0.9635609985660414), np.float64(0.9890555624710178), np.float64(0.9893075079487051), np.float64(0.9752181890820117), np.float64(0.8925092934197395), np.float64(0.9854548784111646), np.float64(0.9390368271275598), np.float64(0.9648528768652406), np.float64(0.8932687230006535), np.float64(0.9659998937076594)]
2025-10-21 13:24:18,692 Fit noise model with following fidelities:
2025-10-21 13:24:18,692 [np.float64(0.9468177703144431), np.float64(0.9554567406783189), np.float64(0.962299012778553), np.float64(0.9342905744463256), np.float64(0.9587380858835178), np.float64(0.9845580131910407), np.float64(0.9358980053885501), np.float64(0.9775259656057114), np.float64(0.93963609257943), np.float64(0.9791999591696716), np.float64(0.9900252215696949), np.float64(0.9915251259199065), np.float64(0.9386394852648272), np.float64(0.9858478751378966), np.float64(0.949999453588159), np.float64(0.9344918209418887), np.float64(0.9515845843586511), np.float64(0.99298471788608), np.float64(0.9366862616952758), np.float64(0.9616890613226916), np.float64(0.9714463962077847), np.float64(0.9477981571074485), np.float64(0.9399466842657286), np.float64(0.9858398626934405), np.float64(0.9400487693390196), np.float64(0.9914713515232157), np.float64(0.9338286492645342), np.float64(0.9460877038396583), np.float64(0.9409333219307701), np.float64(0.9529116996579214), np.float64(0.9945239501811213), np.float64(0.9883365806979583), np.float64(0.9770302539623055), np.float64(0.9330956753641788), np.float64(0.979459100897312), np.float64(0.9760583151339456), np.float64(0.9469941919442523), np.float64(0.9269530583972607), np.float64(0.9831319955755734)]
